# Navi
ru.yandex.yandexnavi/com.facebook.FacebookActivity
ru.yandex.yandexnavi/ru.yandex.searchlib.notification.BarMarkerService
ru.yandex.yandexnavi/ru.yandex.searchlib.lamesearch.VoiceSearchActivity
ru.yandex.yandexnavi/ru.yandex.searchlib.promo.PromoActivity
ru.yandex.yandexnavi/ru.yandex.speechkit.newgui.RecognizerDialogActivity
ru.yandex.yandexnavi/com.pushwoosh.local.BootReceiver
ru.yandex.yandexnavi/com.pushwoosh.thirdparty.radiusnetworks.ibeacon.service.IBeaconService
ru.yandex.yandexnavi/com.yandex.auth.SocialBrowserDataActivity
ru.yandex.yandexnavi/com.yandex.metrica.MetricaEventHandler
ru.yandex.yandexnavi/com.yandex.mobile.ads.AdActivity
ru.yandex.yandexnavi/com.pushwoosh.beacon.PushBeaconService
ru.yandex.yandexnavi/com.yandex.metrica.MetricaService
ru.yandex.yandexnavi/ru.yandex.searchlib.notification.NotificationConnectivityBroadcastReceiver
ru.yandex.yandexnavi/com.pushwoosh.thirdparty.radiusnetworks.ibeacon.IBeaconIntentProcessor
ru.yandex.yandexnavi/ru.yandex.speechkit.gui.RecognizerActivity
ru.yandex.yandexnavi/com.yandex.promolib.contentprovider.YPLContentProvider
ru.yandex.yandexnavi/ru.yandex.common.clid.ClidBroadcastReceiver
ru.yandex.yandexnavi/com.yandex.auth.SocialBindActivity
ru.yandex.yandexnavi/com.yandex.auth.SocialBrowserActivity
ru.yandex.yandexnavi/com.yandex.auth.AuthenticationService
ru.yandex.yandexnavi/ru.yandex.searchlib.notification.NotificationBroadcastReceiver
ru.yandex.yandexnavi/com.yandex.promolib.sync.YPLSyncReceiver

# Metro
ru.yandex.metro/com.facebook.FacebookActivity
ru.yandex.metro/ru.yandex.searchlib.notification.BarMarkerService
ru.yandex.metro/ru.yandex.searchlib.lamesearch.VoiceSearchActivity
ru.yandex.metro/ru.yandex.searchlib.promo.PromoActivity
ru.yandex.metro/ru.yandex.speechkit.newgui.RecognizerDialogActivity
ru.yandex.metro/com.pushwoosh.local.BootReceiver
ru.yandex.metro/com.pushwoosh.thirdparty.radiusnetworks.ibeacon.service.IBeaconService
ru.yandex.metro/com.yandex.auth.SocialBrowserDataActivity
ru.yandex.metro/com.yandex.metrica.MetricaEventHandler
ru.yandex.metro/com.yandex.mobile.ads.AdActivity
ru.yandex.metro/com.pushwoosh.beacon.PushBeaconService
ru.yandex.metro/com.yandex.metrica.MetricaService
ru.yandex.metro/ru.yandex.searchlib.notification.NotificationConnectivityBroadcastReceiver
ru.yandex.metro/com.pushwoosh.thirdparty.radiusnetworks.ibeacon.IBeaconIntentProcessor
ru.yandex.metro/ru.yandex.speechkit.gui.RecognizerActivity
ru.yandex.metro/com.yandex.promolib.contentprovider.YPLContentProvider
ru.yandex.metro/ru.yandex.common.clid.ClidBroadcastReceiver
ru.yandex.metro/com.yandex.auth.SocialBindActivity
ru.yandex.metro/com.yandex.auth.SocialBrowserActivity
ru.yandex.metro/com.yandex.auth.AuthenticationService
ru.yandex.metro/ru.yandex.searchlib.notification.NotificationBroadcastReceiver
ru.yandex.metro/com.yandex.promolib.sync.YPLSyncReceiver
# specific
ru.yandex.metro/ru.yandex.metro.TaxiPromoActivity

# Rasp
ru.yandex.rasp/com.facebook.FacebookActivity
ru.yandex.rasp/ru.yandex.searchlib.notification.BarMarkerService
ru.yandex.rasp/ru.yandex.searchlib.lamesearch.VoiceSearchActivity
ru.yandex.rasp/ru.yandex.searchlib.promo.PromoActivity
ru.yandex.rasp/ru.yandex.speechkit.newgui.RecognizerDialogActivity
ru.yandex.rasp/com.pushwoosh.local.BootReceiver
ru.yandex.rasp/com.pushwoosh.thirdparty.radiusnetworks.ibeacon.service.IBeaconService
ru.yandex.rasp/com.yandex.auth.SocialBrowserDataActivity
ru.yandex.rasp/com.yandex.metrica.MetricaEventHandler
ru.yandex.rasp/com.yandex.mobile.ads.AdActivity
ru.yandex.rasp/com.pushwoosh.beacon.PushBeaconService
ru.yandex.rasp/com.yandex.metrica.MetricaService
ru.yandex.rasp/ru.yandex.searchlib.notification.NotificationConnectivityBroadcastReceiver
ru.yandex.rasp/com.pushwoosh.thirdparty.radiusnetworks.ibeacon.IBeaconIntentProcessor
ru.yandex.rasp/ru.yandex.speechkit.gui.RecognizerActivity
ru.yandex.rasp/com.yandex.promolib.contentprovider.YPLContentProvider
ru.yandex.rasp/ru.yandex.common.clid.ClidBroadcastReceiver
ru.yandex.rasp/com.yandex.auth.SocialBindActivity
ru.yandex.rasp/com.yandex.auth.SocialBrowserActivity
ru.yandex.rasp/com.yandex.auth.AuthenticationService
ru.yandex.rasp/ru.yandex.searchlib.notification.NotificationBroadcastReceiver
ru.yandex.rasp/com.yandex.promolib.sync.YPLSyncReceiver

# Taxi
ru.yandex.taxi/com.facebook.FacebookActivity
ru.yandex.taxi/ru.yandex.searchlib.notification.BarMarkerService
ru.yandex.taxi/ru.yandex.searchlib.lamesearch.VoiceSearchActivity
ru.yandex.taxi/ru.yandex.searchlib.promo.PromoActivity
ru.yandex.taxi/ru.yandex.speechkit.newgui.RecognizerDialogActivity
ru.yandex.taxi/com.pushwoosh.local.BootReceiver
ru.yandex.taxi/com.pushwoosh.thirdparty.radiusnetworks.ibeacon.service.IBeaconService
ru.yandex.taxi/com.yandex.auth.SocialBrowserDataActivity
ru.yandex.taxi/com.yandex.metrica.MetricaEventHandler
ru.yandex.taxi/com.yandex.mobile.ads.AdActivity
ru.yandex.taxi/com.pushwoosh.beacon.PushBeaconService
ru.yandex.taxi/com.yandex.metrica.MetricaService
ru.yandex.taxi/ru.yandex.searchlib.notification.NotificationConnectivityBroadcastReceiver
ru.yandex.taxi/com.pushwoosh.thirdparty.radiusnetworks.ibeacon.IBeaconIntentProcessor
ru.yandex.taxi/ru.yandex.speechkit.gui.RecognizerActivity
ru.yandex.taxi/com.yandex.promolib.contentprovider.YPLContentProvider
ru.yandex.taxi/ru.yandex.common.clid.ClidBroadcastReceiver
ru.yandex.taxi/com.yandex.auth.SocialBindActivity
ru.yandex.taxi/com.yandex.auth.SocialBrowserActivity
ru.yandex.taxi/com.yandex.auth.AuthenticationService
ru.yandex.taxi/ru.yandex.searchlib.notification.NotificationBroadcastReceiver
ru.yandex.taxi/com.yandex.promolib.sync.YPLSyncReceiver

# Market
ru.yandex.market/com.facebook.FacebookActivity
ru.yandex.market/ru.yandex.searchlib.notification.BarMarkerService
ru.yandex.market/ru.yandex.searchlib.lamesearch.VoiceSearchActivity
ru.yandex.market/ru.yandex.searchlib.promo.PromoActivity
ru.yandex.market/ru.yandex.speechkit.newgui.RecognizerDialogActivity
ru.yandex.market/com.pushwoosh.local.BootReceiver
ru.yandex.market/com.pushwoosh.thirdparty.radiusnetworks.ibeacon.service.IBeaconService
ru.yandex.market/com.yandex.auth.SocialBrowserDataActivity
ru.yandex.market/com.yandex.metrica.MetricaEventHandler
ru.yandex.market/com.yandex.mobile.ads.AdActivity
ru.yandex.market/com.pushwoosh.beacon.PushBeaconService
ru.yandex.market/com.yandex.metrica.MetricaService
ru.yandex.market/ru.yandex.searchlib.notification.NotificationConnectivityBroadcastReceiver
ru.yandex.market/com.pushwoosh.thirdparty.radiusnetworks.ibeacon.IBeaconIntentProcessor
ru.yandex.market/ru.yandex.speechkit.gui.RecognizerActivity
ru.yandex.market/com.yandex.promolib.contentprovider.YPLContentProvider
ru.yandex.market/ru.yandex.common.clid.ClidBroadcastReceiver
ru.yandex.market/com.yandex.auth.SocialBindActivity
ru.yandex.market/com.yandex.auth.SocialBrowserActivity
#ru.yandex.market/com.yandex.auth.AuthenticationService
ru.yandex.market/ru.yandex.searchlib.notification.NotificationBroadcastReceiver
ru.yandex.market/com.yandex.promolib.sync.YPLSyncReceiver